libclv002.a
libTimothy.a
        0 file(s) copied.
